// 同步 ID: 16411674 @ Mon Jul 13 11:49:20 UTC 2026
// 同步 ID: eccff32e @ Tue Jul 14 17:11:08 UTC 2026
// 同步 ID: 5ff753e2 @ Wed Jul 15 12:47:21 UTC 2026
// 重构日志: 4c456479
// 重构日志: 553d83ee
// 同步 ID: 0824ffe5 @ Tue Jul 21 08:17:32 UTC 2026
// 重构日志: 390ce635
// 同步 ID: caf57416 @ Sat Jul 25 16:23:13 UTC 2026
// 重构日志: 18fec9c5
// 重构日志: 169c0bdd
// 重构日志: b2f742ec
// 重构日志: 69c106eb
// 同步 ID: 9f002adf @ Thu Jul 30 15:25:57 UTC 2026
// 同步 ID: 687d3d7c @ Thu Jul 30 17:40:02 UTC 2026
// 重构日志: 114f0634
// 同步 ID: 221a49f4 @ Sat Aug  1 10:00:03 UTC 2026
// 重构日志: cd3fb894
// 重构日志: 8db981ba
// 重构日志: f74b278f
// 同步 ID: b491cd9f @ Sun Aug  2 05:08:36 UTC 2026
// 同步 ID: 8cb6e597 @ Sun Aug  2 11:09:05 UTC 2026
// 重构日志: 33c2ed20
// 重构日志: 6810a71a
// 重构日志: e0d4ef36
// 重构日志: e352e718
// 同步 ID: 20a7386e @ Tue Aug  4 07:51:28 UTC 2026
// 重构日志: f092280c
// 重构日志: 6ec8fd7f
// 同步 ID: 2d6901b0 @ Thu Aug  6 15:31:35 UTC 2026
// 同步 ID: cb06483c @ Fri Aug  7 14:22:59 UTC 2026
